# 9-27讲课内容(mongodb数据库)

网址：1. www.mongodb.com

     2. docs.mongodb.com


    装包：1：sudo apt-key adv --keyserver hkp://keyserver.ubuntu.com:80 --recv 7F0CEB10

         2：echo "deb http://repo.mongodb.com/apt/ubuntu trusty/mongodb-enterprise/3.0 multiverse" | sudo tee /etc/apt/sources.list.d/mongodb-enterprise.list

         3：sudo apt-get update

         4： sudo apt-get install -y mongodb-enterprise

      查看是否安装成功：mongodb --help

  系统盘里运行：(!!!运行mongodb)

  mongod --dbpath=./data（重新开一个命令行，让它一直保持运行！！）

  第二个命令行：（课上执行操作步骤）

  1：zzy@zzy-pc:~$ mongo

  2：show dbs

  3：use person

  4：db.person.insert({name:'smalladam'})

  5：show dbs

  6：show collections

  7：db.dropDatabase()  删除person数据库

  8：show dbs

  命令行操作及显示：

   ```
    > show dbs
    local  0.078GB
    > use person
    switched to db person
    > db.person.insert({name:'smalladam})
    2016-09-28T10:33:58.129+0800 E QUERY    SyntaxError: Unexpected token ILLEGAL
    > db.person.insert({name:'smalladam'})
    WriteResult({ "nInserted" : 1 })
    > show dbs
    local   0.078GB
    person  0.078GB
    > show collections
    person
    system.indexes
    > db.dropDatabase()
    { "dropped" : "person", "ok" : 1 }
    > show dbs
    local  0.078GB
    >

   ```
   9: use test 新建数据库

   10：db 检查是否在test下

   11：show collections

   12：db.createCollection('posts') 创建集合posts

   13：db.posts.insert({title:'mongodb'}) 集合里插入数据

   14：db.posts.find()找集合内容

   命令行操作及显示：

   ```
    > db createCollection('posts')
    2016-09-28T10:58:30.741+0800 E QUERY    SyntaxError: Unexpected identifier
    > db.createCollection('posts')
    { "ok" : 1 }
    > show collections
    posts
    system.indexes
    > db.posts.insert({title:'mongodb')}
    2016-09-28T11:02:15.458+0800 E QUERY    SyntaxError: Unexpected token )
    > db.posts.insert({title:'mongodb'})
    WriteResult({ "nInserted" : 1 })
    > db.createCollection('items')
    { "ok" : 1 }
    > show collections
    items
    posts
    system.indexes
    > db.createCollection('tests')
    { "ok" : 1 }
    > show collections
    items
    posts
    system.indexes
    tests
    > db.posts.insert({username:'smalladam',age:'18'})
    WriteResult({ "nInserted" : 1 })
    > db.posts.find()
    { "_id" : ObjectId("57eb32c684fa65251d3f3b76"), "title" : "mongodb" }
    { "_id" : ObjectId("57eb349f84fa65251d3f3b77"), "username" : "smalladam", "age" : "18" }
    >

   ```
  15: db.posts.find--({age:'18'})--查找想要的数据

  16: db.posts.save({save:'我是save保存的'}) 利用save新建

  17：db.posts.remove--({"age":"22"})--删除集合里的内容

  18：db.posts.update--({"username":"smalladam"},{$set:{age:16}})-- 更新集合里的内容 set后直接跟要更新的内容

  19：db.collection_name.find() 查询文档

  20：db.collection_name.find({queryWhere},{key:1,key:1})查询指定列
